// Jest Snapshot v1, https://goo.gl/fbAQLP

exports[`grid should render correctly 1`] = `
<DocumentFragment>
  <div
    class="css-2gtdmb"
    size="12"
  >
    <div
      class="css-1xn280i"
      data-testid="9-0,0"
    >
      <div
        class="css-3tubcw"
      />
    </div>
    <div
      class="css-spzl2v"
      data-testid="2-0,1"
    >
      2
    </div>
    <div
      class="css-1xn280i"
      data-testid="9-0,2"
    >
      <div
        class="css-3tubcw"
      />
    </div>
    <div
      class="css-1pfp8zg"
      data-testid="1-0,3"
    >
      1
    </div>
    <div
      class="css-oq4emy"
      data-testid="0-0,4"
    />
    <div
      class="css-oq4emy"
      data-testid="0-0,5"
    />
    <div
      class="css-1pfp8zg"
      data-testid="1-0,6"
    >
      1
    </div>
    <div
      class="css-1pfp8zg"
      data-testid="1-0,7"
    >
      1
    </div>
    <div
      class="css-1pfp8zg"
      data-testid="1-0,8"
    >
      1
    </div>
    <div
      class="css-1pfp8zg"
      data-testid="1-0,9"
    >
      1
    </div>
    <div
      class="css-1pfp8zg"
      data-testid="1-0,10"
    >
      1
    </div>
    <div
      class="css-1pfp8zg"
      data-testid="1-0,11"
    >
      1
    </div>
    <div
      class="css-1pfp8zg"
      data-testid="1-1,0"
    >
      1
    </div>
    <div
      class="css-spzl2v"
      data-testid="2-1,1"
    >
      2
    </div>
    <div
      class="css-spzl2v"
      data-testid="2-1,2"
    >
      2
    </div>
    <div
      class="css-spzl2v"
      data-testid="2-1,3"
    >
      2
    </div>
    <div
      class="css-1pfp8zg"
      data-testid="1-1,4"
    >
      1
    </div>
    <div
      class="css-oq4emy"
      data-testid="0-1,5"
    />
    <div
      class="css-1pfp8zg"
      data-testid="1-1,6"
    >
      1
    </div>
    <div
      class="css-1xn280i"
      data-testid="9-1,7"
    >
      <div
        class="css-3tubcw"
      />
    </div>
    <div
      class="css-1pfp8zg"
      data-testid="1-1,8"
    >
      1
    </div>
    <div
      class="css-1pfp8zg"
      data-testid="1-1,9"
    >
      1
    </div>
    <div
      class="css-1xn280i"
      data-testid="9-1,10"
    >
      <div
        class="css-3tubcw"
      />
    </div>
    <div
      class="css-1pfp8zg"
      data-testid="1-1,11"
    >
      1
    </div>
    <div
      class="css-oq4emy"
      data-testid="0-2,0"
    />
    <div
      class="css-oq4emy"
      data-testid="0-2,1"
    />
    <div
      class="css-1pfp8zg"
      data-testid="1-2,2"
    >
      1
    </div>
    <div
      class="css-1xn280i"
      data-testid="9-2,3"
    >
      <div
        class="css-3tubcw"
      />
    </div>
    <div
      class="css-5803oy"
      data-testid="10-2,4"
    />
    <div
      class="css-oq4emy"
      data-testid="0-2,5"
    />
    <div
      class="css-spzl2v"
      data-testid="2-2,6"
    >
      2
    </div>
    <div
      class="css-spzl2v"
      data-testid="2-2,7"
    >
      2
    </div>
    <div
      class="css-spzl2v"
      data-testid="2-2,8"
    >
      2
    </div>
    <div
      class="css-1pfp8zg"
      data-testid="1-2,9"
    >
      1
    </div>
    <div
      class="css-1pfp8zg"
      data-testid="1-2,10"
    >
      1
    </div>
    <div
      class="css-1pfp8zg"
      data-testid="1-2,11"
    >
      1
    </div>
    <div
      class="css-oq4emy"
      data-testid="0-3,0"
    />
    <div
      class="css-oq4emy"
      data-testid="0-3,1"
    />
    <div
      class="css-5803oy"
      data-testid="10-3,2"
    />
    <div
      class="css-5803oy"
      data-testid="10-3,3"
    />
    <div
      class="css-1pfp8zg"
      data-testid="1-3,4"
    >
      1
    </div>
    <div
      class="css-oq4emy"
      data-testid="0-3,5"
    />
    <div
      class="css-1pfp8zg"
      data-testid="1-3,6"
    >
      1
    </div>
    <div
      class="css-1xn280i"
      data-testid="9-3,7"
    >
      <div
        class="css-3tubcw"
      />
    </div>
    <div
      class="css-1pfp8zg"
      data-testid="1-3,8"
    >
      1
    </div>
    <div
      class="css-spzl2v"
      data-testid="2-3,9"
    >
      2
    </div>
    <div
      class="css-spzl2v"
      data-testid="2-3,10"
    >
      2
    </div>
    <div
      class="css-spzl2v"
      data-testid="2-3,11"
    >
      2
    </div>
    <div
      class="css-oq4emy"
      data-testid="0-4,0"
    />
    <div
      class="css-1pfp8zg"
      data-testid="1-4,1"
    >
      1
    </div>
    <div
      class="css-1pfp8zg"
      data-testid="1-4,2"
    >
      1
    </div>
    <div
      class="css-spzl2v"
      data-testid="2-4,3"
    >
      2
    </div>
    <div
      class="css-spzl2v"
      data-testid="2-4,4"
    >
      2
    </div>
    <div
      class="css-1xn280i"
      data-testid="9-4,5"
    >
      <div
        class="css-3tubcw"
      />
    </div>
    <div
      class="css-1pfp8zg"
      data-testid="1-4,6"
    >
      1
    </div>
    <div
      class="css-1pfp8zg"
      data-testid="1-4,7"
    >
      1
    </div>
    <div
      class="css-1pfp8zg"
      data-testid="1-4,8"
    >
      1
    </div>
    <div
      class="css-oq4emy"
      data-testid="0-4,9"
    />
    <div
      class="css-oq4emy"
      data-testid="0-4,10"
    />
    <div
      class="css-oq4emy"
      data-testid="0-4,11"
    />
    <div
      class="css-oq4emy"
      data-testid="0-5,0"
    />
    <div
      class="css-1pfp8zg"
      data-testid="1-5,1"
    >
      1
    </div>
    <div
      class="css-1xn280i"
      data-testid="9-5,2"
    >
      <div
        class="css-3tubcw"
      />
    </div>
    <div
      class="css-qwh4sq"
      data-testid="3-5,3"
    >
      3
    </div>
    <div
      class="css-1xn280i"
      data-testid="9-5,4"
    >
      <div
        class="css-3tubcw"
      />
    </div>
    <div
      class="css-spzl2v"
      data-testid="2-5,5"
    >
      2
    </div>
    <div
      class="css-5803oy"
      data-testid="10-5,6"
    />
    <div
      class="css-oq4emy"
      data-testid="0-5,7"
    />
    <div
      class="css-oq4emy"
      data-testid="0-5,8"
    />
    <div
      class="css-spzl2v"
      data-testid="2-5,9"
    >
      2
    </div>
    <div
      class="css-1pfp8zg"
      data-testid="1-5,10"
    >
      1
    </div>
    <div
      class="css-1pfp8zg"
      data-testid="1-5,11"
    >
      1
    </div>
    <div
      class="css-oq4emy"
      data-testid="0-6,0"
    />
    <div
      class="css-spzl2v"
      data-testid="2-6,1"
    >
      2
    </div>
    <div
      class="css-spzl2v"
      data-testid="2-6,2"
    >
      2
    </div>
    <div
      class="css-31jsrs"
      data-testid="4-6,3"
    >
      4
    </div>
    <div
      class="css-1xn280i"
      data-testid="9-6,4"
    >
      <div
        class="css-3tubcw"
      />
    </div>
    <div
      class="css-spzl2v"
      data-testid="2-6,5"
    >
      2
    </div>
    <div
      class="css-5803oy"
      data-testid="10-6,6"
    />
    <div
      class="css-1pfp8zg"
      data-testid="1-6,7"
    >
      1
    </div>
    <div
      class="css-1pfp8zg"
      data-testid="1-6,8"
    >
      1
    </div>
    <div
      class="css-1pfp8zg"
      data-testid="1-6,9"
    >
      1
    </div>
    <div
      class="css-1xn280i"
      data-testid="9-6,10"
    >
      <div
        class="css-3tubcw"
      />
    </div>
    <div
      class="css-1pfp8zg"
      data-testid="1-6,11"
    >
      1
    </div>
    <div
      class="css-oq4emy"
      data-testid="0-7,0"
    />
    <div
      class="css-1pfp8zg"
      data-testid="1-7,1"
    >
      1
    </div>
    <div
      class="css-1xn280i"
      data-testid="9-7,2"
    >
      <div
        class="css-3tubcw"
      />
    </div>
    <div
      class="css-spzl2v"
      data-testid="2-7,3"
    >
      2
    </div>
    <div
      class="css-1pfp8zg"
      data-testid="1-7,4"
    >
      1
    </div>
    <div
      class="css-1pfp8zg"
      data-testid="1-7,5"
    >
      1
    </div>
    <div
      class="css-1pfp8zg"
      data-testid="1-7,6"
    >
      1
    </div>
    <div
      class="css-1xn280i"
      data-testid="9-7,7"
    >
      <div
        class="css-3tubcw"
      />
    </div>
    <div
      class="css-1pfp8zg"
      data-testid="1-7,8"
    >
      1
    </div>
    <div
      class="css-spzl2v"
      data-testid="2-7,9"
    >
      2
    </div>
    <div
      class="css-spzl2v"
      data-testid="2-7,10"
    >
      2
    </div>
    <div
      class="css-spzl2v"
      data-testid="2-7,11"
    >
      2
    </div>
    <div
      class="css-oq4emy"
      data-testid="0-8,0"
    />
    <div
      class="css-1pfp8zg"
      data-testid="1-8,1"
    >
      1
    </div>
    <div
      class="css-5803oy"
      data-testid="10-8,2"
    />
    <div
      class="css-5803oy"
      data-testid="10-8,3"
    />
    <div
      class="css-oq4emy"
      data-testid="0-8,4"
    />
    <div
      class="css-oq4emy"
      data-testid="0-8,5"
    />
    <div
      class="css-1pfp8zg"
      data-testid="1-8,6"
    >
      1
    </div>
    <div
      class="css-1pfp8zg"
      data-testid="1-8,7"
    >
      1
    </div>
    <div
      class="css-1pfp8zg"
      data-testid="1-8,8"
    >
      1
    </div>
    <div
      class="css-1pfp8zg"
      data-testid="1-8,9"
    >
      1
    </div>
    <div
      class="css-1xn280i"
      data-testid="9-8,10"
    >
      <div
        class="css-3tubcw"
      />
    </div>
    <div
      class="css-1pfp8zg"
      data-testid="1-8,11"
    >
      1
    </div>
    <div
      class="css-oq4emy"
      data-testid="0-9,0"
    />
    <div
      class="css-1pfp8zg"
      data-testid="1-9,1"
    >
      1
    </div>
    <div
      class="css-5803oy"
      data-testid="10-9,2"
    />
    <div
      class="css-5803oy"
      data-testid="10-9,3"
    />
    <div
      class="css-oq4emy"
      data-testid="0-9,4"
    />
    <div
      class="css-oq4emy"
      data-testid="0-9,5"
    />
    <div
      class="css-1pfp8zg"
      data-testid="1-9,6"
    >
      1
    </div>
    <div
      class="css-1pfp8zg"
      data-testid="1-9,7"
    >
      1
    </div>
    <div
      class="css-1pfp8zg"
      data-testid="1-9,8"
    >
      1
    </div>
    <div
      class="css-1pfp8zg"
      data-testid="1-9,9"
    >
      1
    </div>
    <div
      class="css-1xn280i"
      data-testid="9-9,10"
    >
      <div
        class="css-3tubcw"
      />
    </div>
    <div
      class="css-1pfp8zg"
      data-testid="1-9,11"
    >
      1
    </div>
    <div
      class="css-oq4emy"
      data-testid="0-10,0"
    />
    <div
      class="css-1pfp8zg"
      data-testid="1-10,1"
    >
      1
    </div>
    <div
      class="css-1pfp8zg"
      data-testid="1-10,2"
    >
      1
    </div>
    <div
      class="css-1pfp8zg"
      data-testid="1-10,3"
    >
      1
    </div>
    <div
      class="css-oq4emy"
      data-testid="0-10,4"
    />
    <div
      class="css-oq4emy"
      data-testid="0-10,5"
    />
    <div
      class="css-1pfp8zg"
      data-testid="1-10,6"
    >
      1
    </div>
    <div
      class="css-1pfp8zg"
      data-testid="1-10,7"
    >
      1
    </div>
    <div
      class="css-1pfp8zg"
      data-testid="1-10,8"
    >
      1
    </div>
    <div
      class="css-1pfp8zg"
      data-testid="1-10,9"
    >
      1
    </div>
    <div
      class="css-1xn280i"
      data-testid="9-10,10"
    >
      <div
        class="css-3tubcw"
      />
    </div>
    <div
      class="css-1pfp8zg"
      data-testid="1-10,11"
    >
      1
    </div>
    <div
      class="css-oq4emy"
      data-testid="0-11,0"
    />
    <div
      class="css-1pfp8zg"
      data-testid="1-11,1"
    >
      1
    </div>
    <div
      class="css-1pfp8zg"
      data-testid="1-11,2"
    >
      1
    </div>
    <div
      class="css-1pfp8zg"
      data-testid="1-11,3"
    >
      1
    </div>
    <div
      class="css-oq4emy"
      data-testid="0-11,4"
    />
    <div
      class="css-oq4emy"
      data-testid="0-11,5"
    />
    <div
      class="css-1pfp8zg"
      data-testid="1-11,6"
    >
      1
    </div>
    <div
      class="css-1pfp8zg"
      data-testid="1-11,7"
    >
      1
    </div>
    <div
      class="css-1pfp8zg"
      data-testid="1-11,8"
    >
      1
    </div>
    <div
      class="css-1pfp8zg"
      data-testid="1-11,9"
    >
      1
    </div>
    <div
      class="css-1xn280i"
      data-testid="9-11,10"
    >
      <div
        class="css-3tubcw"
      />
    </div>
    <div
      class="css-1pfp8zg"
      data-testid="1-11,11"
    >
      1
    </div>
  </div>
</DocumentFragment>
`;
