// Jest Snapshot v1, https://goo.gl/fbAQLP

exports[`gamename should render correctly 1`] = `
<DocumentFragment>
  <h1
    class="css-18kvaxm"
  >
    Minesweepe88r
  </h1>
</DocumentFragment>
`;
